global.c:12:6:display7SEG	16	static
global.c:107:6:setRED1	8	static
global.c:112:6:setRED2	8	static
global.c:117:6:setGRE1	8	static
global.c:122:6:setGRE2	8	static
global.c:127:6:setYEL1	8	static
global.c:132:6:setYEL2	8	static
global.c:138:6:set_led	16	static
global.c:159:6:update7SEG	16	static
global.c:202:6:updateBufferMode1	16	static
global.c:247:6:clear7SEG	8	static
global.c:256:6:updateBufferMode2	4	static
global.c:262:6:updateBufferMode3	4	static
global.c:268:6:updateBufferMode4	4	static
